// Jest Snapshot v1, https://goo.gl/fbAQLP

exports[`Greeting component should render greeting component propely 1`] = `
<DocumentFragment>
  <div>
    <h1
      class="Heading"
    >
      Welcome to L.M.S - Your Library Managment System
    </h1>
    <a
      href="/signin"
    >
      <button
        class="Button"
      >
        Sign In
      </button>
    </a>
     Or  
    <a
      href="/signup"
    >
      <button
        class="Button"
      >
        Sign Up
      </button>
    </a>
  </div>
</DocumentFragment>
`;
